../Core/Src/MPU6050.c:22:17:MPU6050_Init	32	static
../Core/Src/MPU6050.c:54:9:Read8	40	static
../Core/Src/MPU6050.c:63:17:Write8	32	static
../Core/Src/MPU6050.c:68:9:Read16	40	static
../Core/Src/MPU6050.c:77:9:MPU6050_WHO_AM_I	24	static
../Core/Src/MPU6050.c:83:17:MPU6050_WakeUp	24	static
../Core/Src/MPU6050.c:98:17:MPU6050_SetGyroRange	24	static
../Core/Src/MPU6050.c:110:17:MPU6050_SetAccelerationRange	24	static
../Core/Src/MPU6050.c:122:17:MPU6050_ReadAccelerationRaw	16	static
../Core/Src/MPU6050.c:130:17:MPU6050_ReadAcceleration	40	static
../Core/Src/MPU6050.c:144:17:MPU6050_CalibrateAccel	48	static
../Core/Src/MPU6050.c:171:17:MPU6050_DegFromAccel	56	static
../Core/Src/MPU6050.c:188:17:MPU6050_ReadGyroRaw	16	static
../Core/Src/MPU6050.c:197:17:MPU6050_ReadGyro	40	static
../Core/Src/MPU6050.c:209:17:MPU6050_CalibrateGyro	40	static
../Core/Src/MPU6050.c:237:17:MPU6050_DegFromGyro	32	static
../Core/Src/MPU6050.c:245:17:MPU6050_FinalDegGyro	48	static
../Core/Src/MPU6050.c:253:17:MPU6050_Angle	56	static
