23:15:20 **** Incremental Build of configuration Debug for project StateMashineButton ****
make -j12 all 
arm-none-eabi-gcc "../Core/Src/main.c" -mcpu=cortex-m4 -std=gnu11 -g3 -DDEBUG -DUSE_HAL_DRIVER -DSTM32F411xE -c -I../Core/Inc -I../Drivers/STM32F4xx_HAL_Driver/Inc -I../Drivers/STM32F4xx_HAL_Driver/Inc/Legacy -I../Drivers/CMSIS/Device/ST/STM32F4xx/Include -I../Drivers/CMSIS/Include -O0 -ffunction-sections -fdata-sections -Wall -fstack-usage -fcyclomatic-complexity -MMD -MP -MF"Core/Src/main.d" -MT"Core/Src/main.o" --specs=nano.specs -mfpu=fpv4-sp-d16 -mfloat-abi=hard -mthumb -o "Core/Src/main.o"
arm-none-eabi-gcc -o "StateMashineButton.elf" @"objects.list"   -mcpu=cortex-m4 -T"D:\STM32Project\Pomodoro\StateMashineButton\STM32F411RETX_FLASH.ld" --specs=nosys.specs -Wl,-Map="StateMashineButton.map" -Wl,--gc-sections -static --specs=nano.specs -mfpu=fpv4-sp-d16 -mfloat-abi=hard -mthumb -Wl,--start-group -lc -lm -Wl,--end-group
Finished building target: StateMashineButton.elf
 
arm-none-eabi-size  StateMashineButton.elf 
arm-none-eabi-objdump -h -S StateMashineButton.elf  > "StateMashineButton.list"
   text	   data	    bss	    dec	    hex	filename
  12120	     24	   2800	  14944	   3a60	StateMashineButton.elf
Finished building: default.size.stdout
 
Finished building: StateMashineButton.list
 

23:15:22 Build Finished. 0 errors, 0 warnings. (took 1s.832ms)

