../Core/Src/nRF24/nRF24.c:33:13:nRF24_Delay	16	static
../Core/Src/nRF24/nRF24.c:38:13:nRF24_SendSpi	16	static
../Core/Src/nRF24/nRF24.c:43:13:nRF24_ReadSpi	16	static
../Core/Src/nRF24/nRF24.c:52:16:nRF24_ReadRegister	24	static
../Core/Src/nRF24/nRF24.c:66:13:nRF24_ReadRegisters	16	static
../Core/Src/nRF24/nRF24.c:78:13:nRF24_WriteRegister	24	static
../Core/Src/nRF24/nRF24.c:92:13:nRF24_WriteRegisters	16	static
../Core/Src/nRF24/nRF24.c:104:6:nRF24_RX_Mode	16	static
../Core/Src/nRF24/nRF24.c:125:6:nRF24_TX_Mode	16	static
../Core/Src/nRF24/nRF24.c:147:9:nRF24_ReadConfig	8	static
../Core/Src/nRF24/nRF24.c:152:6:nRF24_WriteConfig	16	static
../Core/Src/nRF24/nRF24.c:157:6:nRF24_SetPALevel	24	static
../Core/Src/nRF24/nRF24.c:165:6:nRF24_SetDataRate	24	static
../Core/Src/nRF24/nRF24.c:176:9:nRF24_ReadStatus	8	static
../Core/Src/nRF24/nRF24.c:181:6:nRF24_WriteStatus	16	static
../Core/Src/nRF24/nRF24.c:186:6:nRF24_FlushRX	16	static
../Core/Src/nRF24/nRF24.c:195:6:nRF24_FlushTX	16	static
../Core/Src/nRF24/nRF24.c:204:6:nRF24_EnableCRC	24	static
../Core/Src/nRF24/nRF24.c:215:6:nRF24_SetCRCLength	24	static
../Core/Src/nRF24/nRF24.c:225:6:nRF24_SetRetries	16	static
../Core/Src/nRF24/nRF24.c:231:6:nRF24_SetRFChannel	16	static
../Core/Src/nRF24/nRF24.c:236:6:nRF24_SetPayloadSize	16	static
../Core/Src/nRF24/nRF24.c:243:6:nRF24_EnablePipe	24	static
../Core/Src/nRF24/nRF24.c:255:6:nRF24_AutoACK	24	static
../Core/Src/nRF24/nRF24.c:267:6:nRF24_SetAddressWidth	16	static
../Core/Src/nRF24/nRF24.c:276:6:nRF24_SetRXAddress	24	static
../Core/Src/nRF24/nRF24.c:293:6:nRF24_SetTXAddress	24	static
../Core/Src/nRF24/nRF24.c:312:6:nRF24_ClearInterrupts	16	static
../Core/Src/nRF24/nRF24.c:319:6:nRF24_EnableRXDataReadyIRQ	24	static
../Core/Src/nRF24/nRF24.c:331:6:nRF24_EnableTXDataSentIRQ	24	static
../Core/Src/nRF24/nRF24.c:343:6:nRF24_EnableMaxRetransmitIRQ	24	static
../Core/Src/nRF24/nRF24.c:355:6:nRF24_WriteTXPayload	16	static
../Core/Src/nRF24/nRF24.c:360:6:nRF24_WaitTX	16	static
../Core/Src/nRF24/nRF24.c:374:6:nRF24_ReadRXPaylaod	16	static
../Core/Src/nRF24/nRF24.c:382:6:nRF24_SendPacket	16	static
../Core/Src/nRF24/nRF24.c:387:6:nRF24_ReceivePacket	16	static
../Core/Src/nRF24/nRF24.c:392:9:nRF24_RXAvailible	16	static
../Core/Src/nRF24/nRF24.c:407:6:nRF24_IRQ_Handler	16	static
../Core/Src/nRF24/nRF24.c:434:6:nRF24_Init	16	static
