../Core/Src/main.c:114:5:main	24	static
../Core/Src/main.c:203:6:SystemClock_Config	88	static
../Core/Src/main.c:247:6:UpdateDisplay	16	static
../Core/Src/main.c:335:6:DrawMenuItem	64	static
../Core/Src/main.c:393:6:ButtonMidPress	8	static
../Core/Src/main.c:398:6:ButtonMidLongPress	8	static
../Core/Src/main.c:403:6:ButtonTopPress	8	static
../Core/Src/main.c:409:6:ButtonTopLongPress	8	static
../Core/Src/main.c:415:6:ButtonTopRepeat	8	static
../Core/Src/main.c:421:6:ButtonBottomPress	8	static
../Core/Src/main.c:427:6:ButtonBottomLongPress	8	static
../Core/Src/main.c:433:6:ButtonBottomRepeat	8	static
../Core/Src/main.c:440:6:ToggleLed	8	static
../Core/Src/main.c:444:6:TurnOnLed	8	static
../Core/Src/main.c:448:6:TurnOffLed	8	static
../Core/Src/main.c:454:9:GetCurrentUnixTime	80	static
../Core/Src/main.c:480:6:Error_Handler	4	static,ignoring_inline_asm
