../Core/Src/main.c:125:5:main	16	static
../Core/Src/main.c:206:6:SystemClock_Config	88	static
../Core/Src/main.c:249:6:UpdateDisplay	16	static
../Core/Src/main.c:301:6:ModifyWorkTime	16	static
../Core/Src/main.c:318:6:ButtonMidPress	8	static
../Core/Src/main.c:340:6:ButtonMidLongPress	8	static
../Core/Src/main.c:354:6:ButtonTopPress	8	static
../Core/Src/main.c:360:6:ButtonTopLongPress	8	static
../Core/Src/main.c:365:6:ButtonTopRepeat	8	static
../Core/Src/main.c:370:6:ButtonBottomPress	8	static
../Core/Src/main.c:375:6:ButtonBottomLongPress	8	static
../Core/Src/main.c:380:6:ButtonBottomRepeat	8	static
../Core/Src/main.c:386:6:ToggleLed	8	static
../Core/Src/main.c:390:6:TurnOnLed	8	static
../Core/Src/main.c:394:6:TurnOffLed	8	static
../Core/Src/main.c:404:6:Error_Handler	4	static,ignoring_inline_asm
